AR mux behavioral C:/Users/franc/Documents/neander/neanderImplementation/mux.vhd sub00/vhpl09 1463338772
EN dualbram NULL C:/Users/franc/Documents/neander/neanderImplementation/ipcore_dir/dualBRAM.vhd sub00/vhpl14 1463338777
AR dualbram dualbram_a C:/Users/franc/Documents/neander/neanderImplementation/ipcore_dir/dualBRAM.vhd sub00/vhpl15 1463338778
EN neander NULL C:/Users/franc/Documents/neander/neanderImplementation/neander.vhd sub00/vhpl16 1463338779
AR reg8bits behavioral C:/Users/franc/Documents/neander/neanderImplementation/reg8.vhd sub00/vhpl01 1463338764
AR pc_register behavioral C:/Users/franc/Documents/neander/neanderImplementation/PC.vhd sub00/vhpl11 1463338774
EN regnz NULL C:/Users/franc/Documents/neander/neanderImplementation/regNZ.vhd sub00/vhpl02 1463338765
AR regnz behavioral C:/Users/franc/Documents/neander/neanderImplementation/regNZ.vhd sub00/vhpl03 1463338766
AR decoder behavioral C:/Users/franc/Documents/neander/neanderImplementation/decoder.vhd sub00/vhpl07 1463338770
EN ula NULL C:/Users/franc/Documents/neander/neanderImplementation/ula.vhd sub00/vhpl04 1463338767
AR ula behavioral C:/Users/franc/Documents/neander/neanderImplementation/ula.vhd sub00/vhpl05 1463338768
EN controlunit NULL C:/Users/franc/Documents/neander/neanderImplementation/controlunit.vhd sub00/vhpl12 1463338775
EN pc_register NULL C:/Users/franc/Documents/neander/neanderImplementation/PC.vhd sub00/vhpl10 1463338773
EN mux NULL C:/Users/franc/Documents/neander/neanderImplementation/mux.vhd sub00/vhpl08 1463338771
EN decoder NULL C:/Users/franc/Documents/neander/neanderImplementation/decoder.vhd sub00/vhpl06 1463338769
AR controlunit behavioral C:/Users/franc/Documents/neander/neanderImplementation/controlunit.vhd sub00/vhpl13 1463338776
AR neander behavioral C:/Users/franc/Documents/neander/neanderImplementation/neander.vhd sub00/vhpl17 1463338780
EN reg8bits NULL C:/Users/franc/Documents/neander/neanderImplementation/reg8.vhd sub00/vhpl00 1463338763
